Homo_sapiens
Pan_paniscus
Pan_troglodytes
Gorilla_gorilla
Pongo_pygmaeus
Hylobates_pileatus
